2026-05-10 18:59:36,479 - INFO - Starting beach conditions update
2026-05-10 19:00:06,081 - INFO - Job finished. Records processed: 0
2026-05-10 19:02:55,128 - INFO - Starting beach conditions update
2026-05-10 19:03:20,590 - INFO - Job finished. Records processed: 0
2026-05-10 19:04:44,727 - ERROR - Job failed: ('Connection aborted.', ConnectionResetError(10054, 'Se ha forzado la interrupción de una conexión existente por el host remoto', None, 10054, None))
Traceback (most recent call last):
  File "C:\Users\erick_lxsq22o\Desktop\3º\Segundo Cuatrimeste\3. PS\BeachOfTheDay\playa_project\venv\Lib\site-packages\urllib3\connectionpool.py", line 787, in urlopen
    response = self._make_request(
               ^^^^^^^^^^^^^^^^^^^
  File "C:\Users\erick_lxsq22o\Desktop\3º\Segundo Cuatrimeste\3. PS\BeachOfTheDay\playa_project\venv\Lib\site-packages\urllib3\connectionpool.py", line 488, in _make_request
    raise new_e
  File "C:\Users\erick_lxsq22o\Desktop\3º\Segundo Cuatrimeste\3. PS\BeachOfTheDay\playa_project\venv\Lib\site-packages\urllib3\connectionpool.py", line 464, in _make_request
    self._validate_conn(conn)
  File "C:\Users\erick_lxsq22o\Desktop\3º\Segundo Cuatrimeste\3. PS\BeachOfTheDay\playa_project\venv\Lib\site-packages\urllib3\connectionpool.py", line 1093, in _validate_conn
    conn.connect()
  File "C:\Users\erick_lxsq22o\Desktop\3º\Segundo Cuatrimeste\3. PS\BeachOfTheDay\playa_project\venv\Lib\site-packages\urllib3\connection.py", line 796, in connect
    sock_and_verified = _ssl_wrap_socket_and_match_hostname(
                        ^^^^^^^^^^^^^^^^^^^^^^^^^^^^^^^^^^^^
  File "C:\Users\erick_lxsq22o\Desktop\3º\Segundo Cuatrimeste\3. PS\BeachOfTheDay\playa_project\venv\Lib\site-packages\urllib3\connection.py", line 975, in _ssl_wrap_socket_and_match_hostname
    ssl_sock = ssl_wrap_socket(
               ^^^^^^^^^^^^^^^^
  File "C:\Users\erick_lxsq22o\Desktop\3º\Segundo Cuatrimeste\3. PS\BeachOfTheDay\playa_project\venv\Lib\site-packages\urllib3\util\ssl_.py", line 483, in ssl_wrap_socket
    ssl_sock = _ssl_wrap_socket_impl(sock, context, tls_in_tls, server_hostname)
               ^^^^^^^^^^^^^^^^^^^^^^^^^^^^^^^^^^^^^^^^^^^^^^^^^^^^^^^^^^^^^^^^^
  File "C:\Users\erick_lxsq22o\Desktop\3º\Segundo Cuatrimeste\3. PS\BeachOfTheDay\playa_project\venv\Lib\site-packages\urllib3\util\ssl_.py", line 527, in _ssl_wrap_socket_impl
    return ssl_context.wrap_socket(sock, server_hostname=server_hostname)
           ^^^^^^^^^^^^^^^^^^^^^^^^^^^^^^^^^^^^^^^^^^^^^^^^^^^^^^^^^^^^^^
  File "C:\Program Files\WindowsApps\PythonSoftwareFoundation.Python.3.11_3.11.2544.0_x64__qbz5n2kfra8p0\Lib\ssl.py", line 517, in wrap_socket
    return self.sslsocket_class._create(
           ^^^^^^^^^^^^^^^^^^^^^^^^^^^^^
  File "C:\Program Files\WindowsApps\PythonSoftwareFoundation.Python.3.11_3.11.2544.0_x64__qbz5n2kfra8p0\Lib\ssl.py", line 1104, in _create
    self.do_handshake()
  File "C:\Program Files\WindowsApps\PythonSoftwareFoundation.Python.3.11_3.11.2544.0_x64__qbz5n2kfra8p0\Lib\ssl.py", line 1382, in do_handshake
    self._sslobj.do_handshake()
ConnectionResetError: [WinError 10054] Se ha forzado la interrupción de una conexión existente por el host remoto

During handling of the above exception, another exception occurred:

Traceback (most recent call last):
  File "C:\Users\erick_lxsq22o\Desktop\3º\Segundo Cuatrimeste\3. PS\BeachOfTheDay\playa_project\venv\Lib\site-packages\requests\adapters.py", line 645, in send
    resp = conn.urlopen(
           ^^^^^^^^^^^^^
  File "C:\Users\erick_lxsq22o\Desktop\3º\Segundo Cuatrimeste\3. PS\BeachOfTheDay\playa_project\venv\Lib\site-packages\urllib3\connectionpool.py", line 841, in urlopen
    retries = retries.increment(
              ^^^^^^^^^^^^^^^^^^
  File "C:\Users\erick_lxsq22o\Desktop\3º\Segundo Cuatrimeste\3. PS\BeachOfTheDay\playa_project\venv\Lib\site-packages\urllib3\util\retry.py", line 490, in increment
    raise reraise(type(error), error, _stacktrace)
          ^^^^^^^^^^^^^^^^^^^^^^^^^^^^^^^^^^^^^^^^
  File "C:\Users\erick_lxsq22o\Desktop\3º\Segundo Cuatrimeste\3. PS\BeachOfTheDay\playa_project\venv\Lib\site-packages\urllib3\util\util.py", line 38, in reraise
    raise value.with_traceback(tb)
  File "C:\Users\erick_lxsq22o\Desktop\3º\Segundo Cuatrimeste\3. PS\BeachOfTheDay\playa_project\venv\Lib\site-packages\urllib3\connectionpool.py", line 787, in urlopen
    response = self._make_request(
               ^^^^^^^^^^^^^^^^^^^
  File "C:\Users\erick_lxsq22o\Desktop\3º\Segundo Cuatrimeste\3. PS\BeachOfTheDay\playa_project\venv\Lib\site-packages\urllib3\connectionpool.py", line 488, in _make_request
    raise new_e
  File "C:\Users\erick_lxsq22o\Desktop\3º\Segundo Cuatrimeste\3. PS\BeachOfTheDay\playa_project\venv\Lib\site-packages\urllib3\connectionpool.py", line 464, in _make_request
    self._validate_conn(conn)
  File "C:\Users\erick_lxsq22o\Desktop\3º\Segundo Cuatrimeste\3. PS\BeachOfTheDay\playa_project\venv\Lib\site-packages\urllib3\connectionpool.py", line 1093, in _validate_conn
    conn.connect()
  File "C:\Users\erick_lxsq22o\Desktop\3º\Segundo Cuatrimeste\3. PS\BeachOfTheDay\playa_project\venv\Lib\site-packages\urllib3\connection.py", line 796, in connect
    sock_and_verified = _ssl_wrap_socket_and_match_hostname(
                        ^^^^^^^^^^^^^^^^^^^^^^^^^^^^^^^^^^^^
  File "C:\Users\erick_lxsq22o\Desktop\3º\Segundo Cuatrimeste\3. PS\BeachOfTheDay\playa_project\venv\Lib\site-packages\urllib3\connection.py", line 975, in _ssl_wrap_socket_and_match_hostname
    ssl_sock = ssl_wrap_socket(
               ^^^^^^^^^^^^^^^^
  File "C:\Users\erick_lxsq22o\Desktop\3º\Segundo Cuatrimeste\3. PS\BeachOfTheDay\playa_project\venv\Lib\site-packages\urllib3\util\ssl_.py", line 483, in ssl_wrap_socket
    ssl_sock = _ssl_wrap_socket_impl(sock, context, tls_in_tls, server_hostname)
               ^^^^^^^^^^^^^^^^^^^^^^^^^^^^^^^^^^^^^^^^^^^^^^^^^^^^^^^^^^^^^^^^^
  File "C:\Users\erick_lxsq22o\Desktop\3º\Segundo Cuatrimeste\3. PS\BeachOfTheDay\playa_project\venv\Lib\site-packages\urllib3\util\ssl_.py", line 527, in _ssl_wrap_socket_impl
    return ssl_context.wrap_socket(sock, server_hostname=server_hostname)
           ^^^^^^^^^^^^^^^^^^^^^^^^^^^^^^^^^^^^^^^^^^^^^^^^^^^^^^^^^^^^^^
  File "C:\Program Files\WindowsApps\PythonSoftwareFoundation.Python.3.11_3.11.2544.0_x64__qbz5n2kfra8p0\Lib\ssl.py", line 517, in wrap_socket
    return self.sslsocket_class._create(
           ^^^^^^^^^^^^^^^^^^^^^^^^^^^^^
  File "C:\Program Files\WindowsApps\PythonSoftwareFoundation.Python.3.11_3.11.2544.0_x64__qbz5n2kfra8p0\Lib\ssl.py", line 1104, in _create
    self.do_handshake()
  File "C:\Program Files\WindowsApps\PythonSoftwareFoundation.Python.3.11_3.11.2544.0_x64__qbz5n2kfra8p0\Lib\ssl.py", line 1382, in do_handshake
    self._sslobj.do_handshake()
urllib3.exceptions.ProtocolError: ('Connection aborted.', ConnectionResetError(10054, 'Se ha forzado la interrupción de una conexión existente por el host remoto', None, 10054, None))

During handling of the above exception, another exception occurred:

Traceback (most recent call last):
  File "C:\Users\erick_lxsq22o\Desktop\3º\Segundo Cuatrimeste\3. PS\BeachOfTheDay\playa_project\backend\cron\upsert_beach_conditions.py", line 98, in run_job
    marine = fetch_marine(
             ^^^^^^^^^^^^^
  File "C:\Users\erick_lxsq22o\Desktop\3º\Segundo Cuatrimeste\3. PS\BeachOfTheDay\playa_project\backend\cron\upsert_beach_conditions.py", line 51, in fetch_marine
    return requests.get(
           ^^^^^^^^^^^^^
  File "C:\Users\erick_lxsq22o\Desktop\3º\Segundo Cuatrimeste\3. PS\BeachOfTheDay\playa_project\venv\Lib\site-packages\requests\api.py", line 73, in get
    return request("get", url, params=params, **kwargs)
           ^^^^^^^^^^^^^^^^^^^^^^^^^^^^^^^^^^^^^^^^^^^^
  File "C:\Users\erick_lxsq22o\Desktop\3º\Segundo Cuatrimeste\3. PS\BeachOfTheDay\playa_project\venv\Lib\site-packages\requests\api.py", line 59, in request
    return session.request(method=method, url=url, **kwargs)
           ^^^^^^^^^^^^^^^^^^^^^^^^^^^^^^^^^^^^^^^^^^^^^^^^^
  File "C:\Users\erick_lxsq22o\Desktop\3º\Segundo Cuatrimeste\3. PS\BeachOfTheDay\playa_project\venv\Lib\site-packages\requests\sessions.py", line 592, in request
    resp = self.send(prep, **send_kwargs)
           ^^^^^^^^^^^^^^^^^^^^^^^^^^^^^^
  File "C:\Users\erick_lxsq22o\Desktop\3º\Segundo Cuatrimeste\3. PS\BeachOfTheDay\playa_project\venv\Lib\site-packages\requests\sessions.py", line 706, in send
    r = adapter.send(request, **kwargs)
        ^^^^^^^^^^^^^^^^^^^^^^^^^^^^^^^
  File "C:\Users\erick_lxsq22o\Desktop\3º\Segundo Cuatrimeste\3. PS\BeachOfTheDay\playa_project\venv\Lib\site-packages\requests\adapters.py", line 660, in send
    raise ConnectionError(err, request=request)
requests.exceptions.ConnectionError: ('Connection aborted.', ConnectionResetError(10054, 'Se ha forzado la interrupción de una conexión existente por el host remoto', None, 10054, None))
